../Core/Src/main.c:56:5:check_clm	24	static
../Core/Src/main.c:84:15:key_press	40	static
../Core/Src/main.c:112:6:LCD	24	static
../Core/Src/main.c:149:6:LCD_init	8	static
../Core/Src/main.c:159:6:LCD_str	16	static
../Core/Src/main.c:173:6:Disp_pass_key	16	static
../Core/Src/main.c:181:6:check	16	static
../Core/Src/main.c:231:5:main	16	static
../Core/Src/main.c:302:6:SystemClock_Config	88	static
../Core/Src/main.c:344:13:MX_GPIO_Init	40	static
../Core/Src/main.c:405:6:Error_Handler	4	static,ignoring_inline_asm
